
Note: Compatibility modes selected: hs a

Warning: m=xx on .subckt line will override multiplier m hierarchy!


Circuit: *** nmos ***

option SCALE: Scale is set to 1e-06 for instance and model parameters
Doing analysis at TEMP = 27.000000 and TNOM = 27.000000

Using SPARSE 1.3 as Direct Linear Solver

No. of Data Rows : 1
gds = 1.873500e-04
gm = 7.330971e-04
gmb = 1.640391e-04
m.xfet1.xmn.msky130_fd_pr__nfet_01v8#body = 2.563239e-12
m.xfet1.xmn.msky130_fd_pr__nfet_01v8#dbody = 6.407903e-12
m.xfet1.xmn.msky130_fd_pr__nfet_01v8#sbody = 1.281809e-12
vb = 0.000000e+00
vdd = 2.000000e-01
vds#branch = -1.13377e-04
vgs = 9.000000e-01
vgs#branch = 0.000000e+00
vs = 0.000000e+00
vs#branch = 1.133773e-04
vsb#branch = 2.050590e-13
vth = 6.542347e-01
Note: Simulation executed from .control section 
