
Note: Compatibility modes selected: hs a

Warning: m=xx on .subckt line will override multiplier m hierarchy!


Circuit: *** cascode diffpair amplifier ***

option SCALE: Scale is set to 1e-06 for instance and model parameters
Doing analysis at TEMP = 27.000000 and TNOM = 27.000000

Using SPARSE 1.3 as Direct Linear Solver

No. of Data Rows : 1
v(vout+) = 8.000071e-01
v(vout-) = 8.000071e-01
v(n11) = 1.300001e+00
v(n12) = 5.000013e-01
v(n21) = 1.300001e+00
v(n22) = 5.000013e-01
m.xn1.xmn.msky130_fd_pr__nfet_01v8#body = 1.637687e-11
m.xn1.xmn.msky130_fd_pr__nfet_01v8#dbody = 2.831484e-11
m.xn1.xmn.msky130_fd_pr__nfet_01v8#sbody = 2.081578e-11
m.xn2.xmn.msky130_fd_pr__nfet_01v8#body = 8.876629e-12
m.xn2.xmn.msky130_fd_pr__nfet_01v8#dbody = 1.706459e-11
m.xn2.xmn.msky130_fd_pr__nfet_01v8#sbody = 9.565289e-12
m.xn3.xmn.msky130_fd_pr__nfet_01v8#body = 1.637688e-11
m.xn3.xmn.msky130_fd_pr__nfet_01v8#dbody = 2.831484e-11
m.xn3.xmn.msky130_fd_pr__nfet_01v8#sbody = 2.081578e-11
m.xn4.xmn.msky130_fd_pr__nfet_01v8#body = 8.876629e-12
m.xn4.xmn.msky130_fd_pr__nfet_01v8#dbody = 1.706459e-11
m.xn4.xmn.msky130_fd_pr__nfet_01v8#sbody = 9.565289e-12
m.xp1.xmp.msky130_fd_pr__pfet_01v8#body = 1.800000e+00
m.xp1.xmp.msky130_fd_pr__pfet_01v8#dbody = 1.800000e+00
m.xp1.xmp.msky130_fd_pr__pfet_01v8#sbody = 1.800000e+00
m.xp2.xmp.msky130_fd_pr__pfet_01v8#body = 1.300001e+00
m.xp2.xmp.msky130_fd_pr__pfet_01v8#dbody = 1.300001e+00
m.xp2.xmp.msky130_fd_pr__pfet_01v8#sbody = 1.300001e+00
m.xp3.xmp.msky130_fd_pr__pfet_01v8#body = 1.800000e+00
m.xp3.xmp.msky130_fd_pr__pfet_01v8#dbody = 1.800000e+00
m.xp3.xmp.msky130_fd_pr__pfet_01v8#sbody = 1.800000e+00
m.xp4.xmp.msky130_fd_pr__pfet_01v8#body = 1.300001e+00
m.xp4.xmp.msky130_fd_pr__pfet_01v8#dbody = 1.300001e+00
m.xp4.xmp.msky130_fd_pr__pfet_01v8#sbody = 1.300001e+00
n11 = 1.300001e+00
n12 = 5.000013e-01
n21 = 1.300001e+00
n22 = 5.000013e-01
nbias = 2.000002e-01
vb1 = 3.500000e-01
vb1#branch = 0.000000e+00
vb2 = -1.50000e-01
vb2#branch = 0.000000e+00
vb3 = 1.590000e+00
vb3#branch = 0.000000e+00
vdd = 1.800000e+00
vdd#branch = -4.00000e-03
vin+ = 1.245000e+00
vin- = 1.245000e+00
vin1#branch = 0.000000e+00
vin2#branch = 0.000000e+00
vout+ = 8.000071e-01
vout- = 8.000071e-01
Note: Simulation executed from .control section 
